[byod-bigmuff fora, semente 20260908]
WARNING: All log messages before absl::InitializeLog() is called are written to STDERR
I0000 00:00:1788931955.598815 2033897 cpu_feature_guard.cc:227] This TensorFlow binary is optimized to use available CPU instructions in performance-critical operations.
To enable the following instructions: AVX2 FMA, in other operations, rebuild TensorFlow with the appropriate compiler flags.
I0000 00:00:1788931958.970597 2033897 gpu_device.cc:2043] Created device /job:localhost/replica:0/task:0/device:GPU:0 with 10042 MB memory:  -> device: 0, name: NVIDIA GeForce RTX 3060, pci bus id: 0000:09:00.0, compute capability: 8.6
I0000 00:00:1788931959.962263 2033897 cuda_dnn.cc:461] Loaded cuDNN version 92101
  transferencia   13.9%  11.18 dB
  vistos          53.3%   2.44 dB
[byod-bigmuff fora, semente 20260909]
E0000 00:00:1788931972.015077 2033897 meta_optimizer.cc:967] layout failed: INVALID_ARGUMENT: Size of values 0 does not match size of permutation 4 @ fanin shape inencoder_1/drop1_1/stateless_dropout/SelectV2-2-TransposeNHWCToNCHW-LayoutOptimizer
  transferencia   13.4%  11.16 dB
  vistos          55.8%   2.41 dB
[byod-mxr fora, semente 20260908]
  transferencia   33.1%   4.70 dB
  vistos          43.4%   3.68 dB
[byod-mxr fora, semente 20260909]
E0000 00:00:1788932604.397215 2033897 meta_optimizer.cc:967] layout failed: INVALID_ARGUMENT: Size of values 0 does not match size of permutation 4 @ fanin shape inencoder_1/drop1_1/stateless_dropout/SelectV2-2-TransposeNHWCToNCHW-LayoutOptimizer
  transferencia   31.0%   4.77 dB
  vistos          44.2%   3.83 dB
[lsp-arctan fora, semente 20260908]
  transferencia   49.5%   2.97 dB
  vistos          41.5%   4.16 dB
[lsp-arctan fora, semente 20260909]
E0000 00:00:1788933226.537434 2033897 meta_optimizer.cc:967] layout failed: INVALID_ARGUMENT: Size of values 0 does not match size of permutation 4 @ fanin shape inencoder_1/drop1_1/stateless_dropout/SelectV2-2-TransposeNHWCToNCHW-LayoutOptimizer
  transferencia   47.0%   3.07 dB
  vistos          40.5%   4.27 dB
[lsp-hardclip fora, semente 20260908]
  transferencia   35.6%   4.56 dB
  vistos          48.3%   3.51 dB
[lsp-hardclip fora, semente 20260909]
E0000 00:00:1788933854.063418 2033897 meta_optimizer.cc:967] layout failed: INVALID_ARGUMENT: Size of values 0 does not match size of permutation 4 @ fanin shape inencoder_1/drop1_1/stateless_dropout/SelectV2-2-TransposeNHWCToNCHW-LayoutOptimizer
  transferencia   33.6%   4.82 dB
  vistos          47.5%   3.66 dB
[lsp-sine fora, semente 20260908]
  transferencia   55.4%   2.61 dB
  vistos          42.9%   4.13 dB
[lsp-sine fora, semente 20260909]
E0000 00:00:1788934481.047563 2033897 meta_optimizer.cc:967] layout failed: INVALID_ARGUMENT: Size of values 0 does not match size of permutation 4 @ fanin shape inencoder_1/drop1_1/stateless_dropout/SelectV2-2-TransposeNHWCToNCHW-LayoutOptimizer
  transferencia   49.9%   3.00 dB
  vistos          40.8%   4.25 dB
[lsp-tanh fora, semente 20260908]
  transferencia   53.1%   2.77 dB
  vistos          39.5%   4.32 dB
[lsp-tanh fora, semente 20260909]
E0000 00:00:1788935109.322741 2033897 meta_optimizer.cc:967] layout failed: INVALID_ARGUMENT: Size of values 0 does not match size of permutation 4 @ fanin shape inencoder_1/drop1_1/stateless_dropout/SelectV2-2-TransposeNHWCToNCHW-LayoutOptimizer
  transferencia   51.4%   2.81 dB
  vistos          41.0%   4.34 dB
[pedalboard-tanh fora, semente 20260908]
  transferencia   49.2%   2.99 dB
  vistos          42.3%   3.95 dB
[pedalboard-tanh fora, semente 20260909]
E0000 00:00:1788935736.477469 2033897 meta_optimizer.cc:967] layout failed: INVALID_ARGUMENT: Size of values 0 does not match size of permutation 4 @ fanin shape inencoder_1/drop1_1/stateless_dropout/SelectV2-2-TransposeNHWCToNCHW-LayoutOptimizer
  transferencia   56.1%   2.59 dB
  vistos          44.3%   4.04 dB

            arm estrato   visto  inedito  custo_pontos  sementes  amplitude_pontos  visto_mae_db  inedito_mae_db
       lsp-tanh      S1 0.50875 0.522500        1.3750         2             1.750      2.862932        2.789222
pedalboard-tanh      S1 0.50750 0.526875        1.9375         2             6.875      2.966334        2.791473
     lsp-arctan      S2 0.50875 0.482500       -2.6250         2             2.500      3.058090        3.019474
   lsp-hardclip      S2 0.40375 0.346250       -5.7500         2             2.000      3.809565        4.690655
       lsp-sine      S2 0.50500 0.526250        2.1250         2             5.500      2.908019        2.802191
   byod-bigmuff      S3 0.22750 0.136250       -9.1250         2             0.500      7.188745       11.170379
       byod-mxr      S3 0.41750 0.320625       -9.6875         2             2.125      4.001399        4.735440

custo medio de nunca ter visto a implementacao: -3.1 pontos
estrato
S1    1.7
S2   -2.1
S3   -9.4
